// Jest Snapshot v1, https://goo.gl/fbAQLP

exports[`Button Component 1`] = `
<button
  className="MuiButtonBase-root-25 MuiButton-root-1 MuiButton-text-3 MuiButton-flat-6"
  disabled={false}
  onBlur={[Function]}
  onFocus={[Function]}
  onKeyDown={[Function]}
  onKeyUp={[Function]}
  onMouseDown={[Function]}
  onMouseLeave={[Function]}
  onMouseUp={[Function]}
  onTouchEnd={[Function]}
  onTouchMove={[Function]}
  onTouchStart={[Function]}
  tabIndex="0"
  type="button"
>
  <span
    className="MuiButton-label-2"
  />
  <span
    className="MuiTouchRipple-root-28"
  />
</button>
`;

exports[`Primary Button calls onClick function 1`] = `
<button
  className="MuiButtonBase-root-25 MuiButton-root-1 MuiButton-text-3 MuiButton-flat-6"
  disabled={false}
  onBlur={[Function]}
  onFocus={[Function]}
  onKeyDown={[Function]}
  onKeyUp={[Function]}
  onMouseDown={[Function]}
  onMouseLeave={[Function]}
  onMouseUp={[Function]}
  onTouchEnd={[Function]}
  onTouchMove={[Function]}
  onTouchStart={[Function]}
  tabIndex="0"
  type="button"
>
  <span
    className="MuiButton-label-2"
  />
  <span
    className="MuiTouchRipple-root-28"
  />
</button>
`;
